// Jest Snapshot v1, https://goo.gl/fbAQLP

exports[`ab-testing module match cohorts 1`] = `
Array [
  "control",
  "control",
  "control",
  "control",
  "control",
  "control",
  "control",
  "control",
  "control",
  "control",
  "control",
  "control",
  "control",
  "test_allocation",
  "control",
  "control",
  "control",
  "control",
  "control",
  "control",
  "control",
  "control",
  "control",
  "control",
  "control",
  "control",
  "control",
  "control",
  "control",
  "control",
  "control",
  "control",
  "test_allocation",
  "test_allocation",
  "control",
  "test_allocation",
  "control",
  "control",
  "control",
  "test_allocation",
  "control",
  "control",
  "control",
  "test_allocation",
  "control",
  "control",
  "control",
  "control",
  "control",
  "control",
  "control",
  "test_allocation",
  "control",
  "control",
  "control",
  "control",
  "control",
  "control",
  "control",
  "control",
  "control",
  "control",
  "control",
  "control",
  "control",
  "control",
  "control",
  "control",
  "control",
  "control",
  "control",
  "control",
  "test_allocation",
  "control",
  "control",
  "control",
  "control",
  "control",
  "control",
  "test_allocation",
  "control",
  "control",
  "control",
  "control",
  "control",
  "control",
  "control",
  "control",
  "control",
  "control",
  "control",
  "control",
  "control",
  "control",
  "control",
  "control",
  "control",
  "control",
  "control",
  "control",
]
`;

exports[`ab-testing module match cohorts 2`] = `
Array [
  "control",
  "control",
  "control",
  "control",
  "control",
  "control",
  "control",
  "control",
  "control",
  "control",
  "test_allocation",
  "control",
  "test_allocation",
  "control",
  "test_allocation",
  "control",
  "control",
  "control",
  "control",
  "control",
  "control",
  "control",
  "test_allocation",
  "control",
  "control",
  "control",
  "control",
  "control",
  "control",
  "control",
  "control",
  "control",
  "control",
  "test_allocation",
  "control",
  "control",
  "control",
  "control",
  "control",
  "control",
  "control",
  "test_allocation",
  "control",
  "control",
  "control",
  "control",
  "test_allocation",
  "control",
  "test_allocation",
  "control",
  "control",
  "control",
  "control",
  "control",
  "control",
  "control",
  "control",
  "control",
  "control",
  "control",
  "control",
  "control",
  "control",
  "test_allocation",
  "control",
  "control",
  "control",
  "control",
  "control",
  "test_allocation",
  "test_allocation",
  "control",
  "control",
  "control",
  "control",
  "test_allocation",
  "control",
  "control",
  "control",
  "control",
  "control",
  "control",
  "control",
  "control",
  "control",
  "control",
  "control",
  "control",
  "control",
  "control",
  "control",
  "control",
  "control",
  "control",
  "control",
  "control",
  "control",
  "control",
  "test_allocation",
  "control",
]
`;
